Query: Produce this week's Northern Mile social content from the data brief. 
Read /home/hermes/northern-mile-dashboard/data/brief-2026-08-16.md, load the 
northern-mile-voice skill, and follow its platform rules exactly.

Write these 4 files (do NOT run voice_lint yourself — the orchestrator lints 
afterward):

1. 
/home/hermes/northern-mile-dashboard/content/drafts/linkedin-page-2026-08-16.md 
— brand page post. Hook in the first line. One data point, one takeaway. End 
with the newsletter ask. 3-5 hashtags. Note the link goes in the first comment, 
do not paste it.

2. 
/home/hermes/northern-mile-dashboard/content/drafts/linkedin-personal-2026-08-16
.md — Akheem personal voice, first person. 2 lines of context, then reference 
the dashboard screenshot. Relatable angle.

3. 
/home/hermes/northern-mile-dashboard/content/drafts/facebook-group-2026-08-16.md
— driver voice for Canadian trucking groups. Lead with a specific number. No 
link. One idea. 2-3 lines max. Dry humor allowed.

4. /home/hermes/northern-mile-dashboard/content/drafts/reddit-2026-08-16.md — 
post title (one specific number or fact) plus a note that the body is a 
dashboard screenshot. Zero pitch.

Quote every number from the brief, never invent one.
Initializing agent...
────────────────────────────────────────

  ┊ 📖 preparing read_file…
  ┊ 📚 preparing skill_view…
  ┊ 📚 preparing skill_view…
  ┊ 📖 read      brief-2026-08-16.md  0.4s
  ┊ 📚 skill     northern-mile-voice  0.9s
  ┊ 📚 skill     northern-mile-linkedin  0.8s
  ┊ 💻 preparing terminal…
  ┊ 📚 preparing skill_view…
  ┊ 📚 preparing skill_view…
  ┊ 📚 preparing skill_view…
  ┊ 💻 $         date '+%A %Y-%m-%d %H:%M %Z'  0.8s
  ┊ 📚 skill     northern-mile-voice → references/agent-character.md  0.4s
  ┊ 📚 skill     northern-mile-voice → references/fb-group-voice-calibration.md  0.4s
  ┊ 📚 skill     northern-mile-voice → references/reddit-strategy.md  0.4s

╭─ ⚕ Hermes ───────────────────────────────────────────────────────────────────╮
    Today is Monday 2026-08-17. The diesel move is the material story this
    week (national 227.9, +5.7 c/L in 7 days, +28.7 over 30 days, excise
    returning Sep 8). Writing the four files now, each single-topic on fuel
    per the voice rules.
╰──────────────────────────────────────────────────────────────────────────────╯
  ┊ ✍️ preparing write_file…
  ┊ ✍️ preparing write_file…
  ┊ ✍️ preparing write_file…
  ┊ ✍️ preparing write_file…
  ┊ ✍️  write     /home/hermes/northern-mile-dashboard/content/drafts/linkedin-page-2026-08-16.md  1.5s
  ┊ review diff
a//home/hermes/northern-mile-dashboard/content/drafts/linkedin-page-2026-08-16.md → b//home/hermes/northern-mile-dashboard/content/drafts/linkedin-page-2026-08-16.md
@@ -0,0 +1,9 @@
+Diesel is up 5.7 cents in a week. National average now 227.9 cents a litre.
+
+The 4 cent federal excise returns September 8. That lands on top of the spike.
+
+Price your lanes before September 8.
+
+The full provincial breakdown goes out in our Wednesday newsletter. Link in the first comment.
+
+#CanadianTrucking #DieselPrices #FuelCosts #OwnerOperator #Trucking
  ┊ ✍️  write     /home/hermes/northern-mile-dashboard/content/drafts/linkedin-personal-2026-08-16.md  1.0s
  ┊ review diff
a//home/hermes/northern-mile-dashboard/content/drafts/linkedin-personal-2026-08-16.md → b//home/hermes/northern-mile-dashboard/content/drafts/linkedin-personal-2026-08-16.md
@@ -0,0 +1,5 @@
+I opened the dashboard before coffee and the fuel number had moved again.
+
+Thirty days ago it was 28.7 cents lower. The line just keeps going up. Screenshot from this morning below.
+
+[insert dashboard screenshot]
  ┊ ✍️  write     /home/hermes/northern-mile-dashboard/content/drafts/facebook-group-2026-08-16.md  0.7s
  ┊ review diff
a//home/hermes/northern-mile-dashboard/content/drafts/facebook-group-2026-08-16.md → b//home/hermes/northern-mile-dashboard/content/drafts/facebook-group-2026-08-16.md
@@ -0,0 +1,3 @@
+Diesel up 5.7 cents in a week. 227.9 national.
+
+Alberta's still 205.6. Quebec's at 249.6. Fill before you cross.
  ┊ ✍️  write     /home/hermes/northern-mile-dashboard/content/drafts/reddit-2026-08-16.md  1.3s
  ┊ review diff
a//home/hermes/northern-mile-dashboard/content/drafts/reddit-2026-08-16.md → b//home/hermes/northern-mile-dashboard/content/drafts/reddit-2026-08-16.md
@@ -0,0 +1,3 @@
+Title: Canadian diesel up 5.7 cents in a week. Alberta 205.6, Quebec 249.6.
+
+Body: dashboard screenshot only. No text, no link, no pitch.

╭─ ⚕ Hermes ───────────────────────────────────────────────────────────────────╮
    Done. Four drafts written, every number lifted straight from the brief
    (no computed or invented figures).
    
    Files:
    1.
    /home/hermes/northern-mile-dashboard/content/drafts/linkedin-page-2026-08-
    16.md
       Hook is the 7-day diesel jump (5.7 cents, material band). National
    227.9. Takeaway is the 4 cent excise returning Sep 8. Ends with the
    Wednesday newsletter ask. Five hashtags. No URL pasted, link flagged for
    the first comment.
    
    2.
    /home/hermes/northern-mile-dashboard/content/drafts/linkedin-personal-2026
    -08-16.md
       Akheem first person. Two lines of context (before-coffee check, 30-day
    climb of 28.7 cents), then a screenshot placeholder. Relatable angle: the
    line that keeps going up.
    
    3.
    /home/hermes/northern-mile-dashboard/content/drafts/facebook-group-2026-08
    -16.md
       Driver voice. Leads with 5.7 cents, then the AB/QC split (205.6 vs
    249.6). One idea, flat closer, no link, no pitch.
    
    4.
    /home/hermes/northern-mile-dashboard/content/drafts/reddit-2026-08-16.md
       Title is one fact: diesel up 5.7 cents with AB 205.6 / QC 249.6. Body
    noted as screenshot only, zero pitch.
    
    Per instruction I did not run voice_lint, the orchestrator handles that.
    Numbers used and their brief sources: 5.7 (line 10), 227.9 (line 9), 4
    cent excise + Sep 8 (line 15), 28.7 (line 11), 205.6 AB (line 16), 249.6
    QC (line 25).
╰──────────────────────────────────────────────────────────────────────────────╯

Resume this session with:
  hermes --resume 20260817_000504_e64370 -p writer

Session:        20260817_000504_e64370
Duration:       3m 38s
Messages:       16 (1 user, 14 tool calls)
